
> build
> vite build

[36mvite v7.3.1 [32mbuilding client environment for production...[36m[39m
transforming...
[32mΓ£ô[39m 7333 modules transformed.
npm : [31mΓ£ù[39m Build failed in 7.75s
At line:1 char:1
+ npm run build > build_output.txt 2>&1
+ ~~~~~~~~~~~~~~~~~~~~~~~~~~~~~~~~~~~~~
    + CategoryInfo          : NotSpecified: ([3 
   1mΓ£ù[39m Build failed in 7.75s:String) [],  
   RemoteException
    + FullyQualifiedErrorId : NativeCommandError
 
[31merror during build:
[31mresources/js/Layouts/DashboardLayout.jsx 
(5:4): "BookHeart" is not exported by "node_modul
es/@phosphor-icons/react/dist/index.es.js", 
imported by 
"resources/js/Layouts/DashboardLayout.jsx".[31m
file: [36mC:/laragon/www/Undangan Digital/resour
ces/js/Layouts/DashboardLayout.jsx:5:4[31m
[33m
3: import {
4:     SquaresFour, ArrowCircleUp, TextAa, 
Users, CalendarCheck, Images,
5:     BookHeart, Wallet, PaintBrush, 
UsersThree, MusicNotes, Gear,
       ^
6:     SignOut, Eye, UserCircle, RocketLaunch, 
Plus, LockKey, CaretDown
7: } from '@phosphor-icons/react';
[31m
    at getRollupError (file:///C:/laragon/www/Und
angan%20Digital/node_modules/rollup/dist/es/share
d/parseAst.js:402:41)
    at error (file:///C:/laragon/www/Undangan%20D
igital/node_modules/rollup/dist/es/shared/parseAs
t.js:398:42)
    at Module.error (file:///C:/laragon/www/Undan
gan%20Digital/node_modules/rollup/dist/es/shared/
node-entry.js:17040:16)
    at Module.traceVariable (file:///C:/laragon/w
ww/Undangan%20Digital/node_modules/rollup/dist/es
/shared/node-entry.js:17452:29)
    at ModuleScope.findVariable (file:///C:/larag
on/www/Undangan%20Digital/node_modules/rollup/dis
t/es/shared/node-entry.js:15070:39)
    at Identifier.bind (file:///C:/laragon/www/Un
dangan%20Digital/node_modules/rollup/dist/es/shar
ed/node-entry.js:5447:40)
    at Property.bind (file:///C:/laragon/www/Unda
ngan%20Digital/node_modules/rollup/dist/es/shared
/node-entry.js:2829:23)
    at ObjectExpression.bind (file:///C:/laragon/
www/Undangan%20Digital/node_modules/rollup/dist/e
s/shared/node-entry.js:2825:28)
    at ArrayExpression.bind (file:///C:/laragon/w
ww/Undangan%20Digital/node_modules/rollup/dist/es
/shared/node-entry.js:2825:28)
    at Property.bind (file:///C:/laragon/www/Unda
ngan%20Digital/node_modules/rollup/dist/es/shared
/node-entry.js:2829:23)[39m
